---
http_interactions:
- request:
    method: get
    uri: https://mapquestapi.com/geocoding/v1/address?key=LOCATION_API_KEY&location=denver,co
    body:
      encoding: US-ASCII
      string: ''
    headers:
      User-Agent:
      - Faraday v1.4.1
      Accept-Encoding:
      - gzip;q=1.0,deflate;q=0.6,identity;q=0.3
      Accept:
      - "*/*"
  response:
    status:
      code: 200
      message: OK
    headers:
      Date:
      - Mon, 26 Apr 2021 12:57:14 GMT
      Content-Type:
      - application/json;charset=UTF-8
      Content-Length:
      - '1731'
      Access-Control-Allow-Methods:
      - OPTIONS,GET,POST
      Access-Control-Allow-Origin:
      - "*"
      Cache-Control:
      - no-cache, must-revalidate
      Expires:
      - Mon, 20 Dec 1998 01:00:00 GMT
      Geocodetransactioncount:
      - '1'
      Last-Modified:
      - Mon, 26 Apr 2021 12:57:14 GMT
      Pragma:
      - no-cache
      Reversegeocodetransactioncount:
      - '0'
      Server:
      - Apache-Coyote/1.1
      Set-Cookie:
      - JSESSIONID=41932856C11E572DB1F2F70E699DEF3F; Path=/; HttpOnly; Secure
      Status:
      - success
      Transactionweight:
      - '1.0'
      Strict-Transport-Security:
      - max-age=0
    body:
      encoding: UTF-8
      string: '{"info":{"statuscode":0,"copyright":{"text":"\u00A9 2021 MapQuest,
        Inc.","imageUrl":"http://api.mqcdn.com/res/mqlogo.gif","imageAltText":"\u00A9
        2021 MapQuest, Inc."},"messages":[]},"options":{"maxResults":-1,"thumbMaps":true,"ignoreLatLngInput":false},"results":[{"providedLocation":{"location":"denver,co"},"locations":[{"street":"","adminArea6":"","adminArea6Type":"Neighborhood","adminArea5":"Denver","adminArea5Type":"City","adminArea4":"Denver
        County","adminArea4Type":"County","adminArea3":"CO","adminArea3Type":"State","adminArea1":"US","adminArea1Type":"Country","postalCode":"","geocodeQualityCode":"A5XAX","geocodeQuality":"CITY","dragPoint":false,"sideOfStreet":"N","linkId":"282041090","unknownInput":"","type":"s","latLng":{"lat":39.738453,"lng":-104.984853},"displayLatLng":{"lat":39.738453,"lng":-104.984853},"mapUrl":"http://www.mapquestapi.com/staticmap/v5/map?key=LOCATION_API_KEY&type=map&size=225,160&locations=39.738453,-104.984853|marker-sm-50318A-1&scalebar=true&zoom=12&rand=87864675"},{"street":"","adminArea6":"","adminArea6Type":"Neighborhood","adminArea5":"","adminArea5Type":"City","adminArea4":"Denver
        County","adminArea4Type":"County","adminArea3":"CO","adminArea3Type":"State","adminArea1":"US","adminArea1Type":"Country","postalCode":"","geocodeQualityCode":"A4XAX","geocodeQuality":"COUNTY","dragPoint":false,"sideOfStreet":"N","linkId":"282932003","unknownInput":"","type":"s","latLng":{"lat":39.738453,"lng":-104.984853},"displayLatLng":{"lat":39.738453,"lng":-104.984853},"mapUrl":"http://www.mapquestapi.com/staticmap/v5/map?key=LOCATION_API_KEY&type=map&size=225,160&locations=39.738453,-104.984853|marker-sm-50318A-2&scalebar=true&zoom=9&rand=277175796"}]}]}'
  recorded_at: Mon, 26 Apr 2021 12:57:14 GMT
- request:
    method: get
    uri: https://mapquestapi.com/geocoding/v1/address?key=LOCATION_API_KEY&location=denver,co
    body:
      encoding: US-ASCII
      string: ''
    headers:
      User-Agent:
      - Faraday v1.4.1
      Accept-Encoding:
      - gzip;q=1.0,deflate;q=0.6,identity;q=0.3
      Accept:
      - "*/*"
  response:
    status:
      code: 200
      message: OK
    headers:
      Date:
      - Mon, 26 Apr 2021 12:57:14 GMT
      Content-Type:
      - application/json;charset=UTF-8
      Content-Length:
      - '1734'
      Access-Control-Allow-Methods:
      - OPTIONS,GET,POST
      Access-Control-Allow-Origin:
      - "*"
      Cache-Control:
      - no-cache, must-revalidate
      Expires:
      - Mon, 20 Dec 1998 01:00:00 GMT
      Geocodetransactioncount:
      - '1'
      Last-Modified:
      - Mon, 26 Apr 2021 12:57:14 GMT
      Pragma:
      - no-cache
      Reversegeocodetransactioncount:
      - '0'
      Server:
      - Apache-Coyote/1.1
      Set-Cookie:
      - JSESSIONID=C9D686BF80BC7B7DA7C6CFF22D6D38D9; Path=/; HttpOnly; Secure
      Status:
      - success
      Transactionweight:
      - '1.0'
      Strict-Transport-Security:
      - max-age=0
    body:
      encoding: UTF-8
      string: '{"info":{"statuscode":0,"copyright":{"text":"\u00A9 2021 MapQuest,
        Inc.","imageUrl":"http://api.mqcdn.com/res/mqlogo.gif","imageAltText":"\u00A9
        2021 MapQuest, Inc."},"messages":[]},"options":{"maxResults":-1,"thumbMaps":true,"ignoreLatLngInput":false},"results":[{"providedLocation":{"location":"denver,co"},"locations":[{"street":"","adminArea6":"","adminArea6Type":"Neighborhood","adminArea5":"Denver","adminArea5Type":"City","adminArea4":"Denver
        County","adminArea4Type":"County","adminArea3":"CO","adminArea3Type":"State","adminArea1":"US","adminArea1Type":"Country","postalCode":"","geocodeQualityCode":"A5XAX","geocodeQuality":"CITY","dragPoint":false,"sideOfStreet":"N","linkId":"282041090","unknownInput":"","type":"s","latLng":{"lat":39.738453,"lng":-104.984853},"displayLatLng":{"lat":39.738453,"lng":-104.984853},"mapUrl":"http://www.mapquestapi.com/staticmap/v5/map?key=LOCATION_API_KEY&type=map&size=225,160&locations=39.738453,-104.984853|marker-sm-50318A-1&scalebar=true&zoom=12&rand=-536734887"},{"street":"","adminArea6":"","adminArea6Type":"Neighborhood","adminArea5":"","adminArea5Type":"City","adminArea4":"Denver
        County","adminArea4Type":"County","adminArea3":"CO","adminArea3Type":"State","adminArea1":"US","adminArea1Type":"Country","postalCode":"","geocodeQualityCode":"A4XAX","geocodeQuality":"COUNTY","dragPoint":false,"sideOfStreet":"N","linkId":"282932003","unknownInput":"","type":"s","latLng":{"lat":39.738453,"lng":-104.984853},"displayLatLng":{"lat":39.738453,"lng":-104.984853},"mapUrl":"http://www.mapquestapi.com/staticmap/v5/map?key=LOCATION_API_KEY&type=map&size=225,160&locations=39.738453,-104.984853|marker-sm-50318A-2&scalebar=true&zoom=9&rand=-128709084"}]}]}'
  recorded_at: Mon, 26 Apr 2021 12:57:14 GMT
- request:
    method: get
    uri: https://api.openweathermap.org/data/2.5/onecall?appid=WEATHER_API_KEY&exclude=minutely,alerts&lat=39.738453&lon=-104.984853&units=imperial
    body:
      encoding: US-ASCII
      string: ''
    headers:
      User-Agent:
      - Faraday v1.4.1
      Accept-Encoding:
      - gzip;q=1.0,deflate;q=0.6,identity;q=0.3
      Accept:
      - "*/*"
  response:
    status:
      code: 200
      message: OK
    headers:
      Server:
      - openresty
      Date:
      - Mon, 26 Apr 2021 12:57:15 GMT
      Content-Type:
      - application/json; charset=utf-8
      Content-Length:
      - '17949'
      Connection:
      - keep-alive
      X-Cache-Key:
      - "/data/2.5/onecall?exclude=minutely%2Calerts&lat=39.74&lon=-104.98&units=imperial"
      Access-Control-Allow-Origin:
      - "*"
      Access-Control-Allow-Credentials:
      - 'true'
      Access-Control-Allow-Methods:
      - GET, POST
    body:
      encoding: UTF-8
      string: '{"lat":39.7385,"lon":-104.9849,"timezone":"America/Denver","timezone_offset":-21600,"current":{"dt":1619441835,"sunrise":1619438778,"sunset":1619488125,"temp":50.81,"feels_like":46.67,"pressure":1000,"humidity":23,"dew_point":16.3,"uvi":0.19,"clouds":0,"visibility":10000,"wind_speed":6.89,"wind_deg":211,"wind_gust":14.47,"weather":[{"id":800,"main":"Clear","description":"clear
        sky","icon":"01d"}]},"hourly":[{"dt":1619438400,"temp":51.13,"feels_like":47.08,"pressure":1000,"humidity":24,"dew_point":17.44,"uvi":0,"clouds":1,"visibility":10000,"wind_speed":6.2,"wind_deg":202,"wind_gust":11.65,"weather":[{"id":800,"main":"Clear","description":"clear
        sky","icon":"01n"}],"pop":0},{"dt":1619442000,"temp":50.81,"feels_like":46.67,"pressure":1000,"humidity":23,"dew_point":16.3,"uvi":0.19,"clouds":0,"visibility":10000,"wind_speed":6.89,"wind_deg":211,"wind_gust":14.47,"weather":[{"id":800,"main":"Clear","description":"clear
        sky","icon":"01d"}],"pop":0},{"dt":1619445600,"temp":52,"feels_like":47.98,"pressure":1000,"humidity":23,"dew_point":17.22,"uvi":0.8,"clouds":1,"visibility":10000,"wind_speed":7.14,"wind_deg":218,"wind_gust":12.17,"weather":[{"id":800,"main":"Clear","description":"clear
        sky","icon":"01d"}],"pop":0},{"dt":1619449200,"temp":55.09,"feels_like":51.24,"pressure":999,"humidity":20,"dew_point":16.68,"uvi":2.05,"clouds":14,"visibility":10000,"wind_speed":6.11,"wind_deg":190,"wind_gust":7.76,"weather":[{"id":801,"main":"Clouds","description":"few
        clouds","icon":"02d"}],"pop":0},{"dt":1619452800,"temp":60.33,"feels_like":56.77,"pressure":998,"humidity":15,"dew_point":14.65,"uvi":3.91,"clouds":20,"visibility":10000,"wind_speed":5.95,"wind_deg":171,"wind_gust":9.17,"weather":[{"id":801,"main":"Clouds","description":"few
        clouds","icon":"02d"}],"pop":0},{"dt":1619456400,"temp":67.1,"feels_like":63.99,"pressure":997,"humidity":10,"dew_point":11.25,"uvi":5.83,"clouds":38,"visibility":10000,"wind_speed":2.86,"wind_deg":173,"wind_gust":13.29,"weather":[{"id":802,"main":"Clouds","description":"scattered
        clouds","icon":"03d"}],"pop":0},{"dt":1619460000,"temp":73.42,"feels_like":70.74,"pressure":995,"humidity":6,"dew_point":3.04,"uvi":7.3,"clouds":56,"visibility":10000,"wind_speed":4.88,"wind_deg":254,"wind_gust":16.24,"weather":[{"id":803,"main":"Clouds","description":"broken
        clouds","icon":"04d"}],"pop":0},{"dt":1619463600,"temp":75.24,"feels_like":72.7,"pressure":994,"humidity":5,"dew_point":3.2,"uvi":7.82,"clouds":100,"visibility":10000,"wind_speed":6.44,"wind_deg":257,"wind_gust":19.6,"weather":[{"id":804,"main":"Clouds","description":"overcast
        clouds","icon":"04d"}],"pop":0},{"dt":1619467200,"temp":76.44,"feels_like":74.07,"pressure":994,"humidity":6,"dew_point":4.33,"uvi":7.28,"clouds":100,"visibility":10000,"wind_speed":6.98,"wind_deg":259,"wind_gust":18.37,"weather":[{"id":804,"main":"Clouds","description":"overcast
        clouds","icon":"04d"}],"pop":0},{"dt":1619470800,"temp":76.89,"feels_like":74.61,"pressure":993,"humidity":7,"dew_point":8.51,"uvi":5.81,"clouds":100,"visibility":10000,"wind_speed":13.53,"wind_deg":238,"wind_gust":21.47,"weather":[{"id":804,"main":"Clouds","description":"overcast
        clouds","icon":"04d"}],"pop":0},{"dt":1619474400,"temp":76.46,"feels_like":74.14,"pressure":992,"humidity":7,"dew_point":8.92,"uvi":3.62,"clouds":100,"visibility":10000,"wind_speed":15.75,"wind_deg":228,"wind_gust":23.73,"weather":[{"id":804,"main":"Clouds","description":"overcast
        clouds","icon":"04d"}],"pop":0},{"dt":1619478000,"temp":75.38,"feels_like":72.99,"pressure":992,"humidity":8,"dew_point":10.38,"uvi":1.95,"clouds":100,"visibility":10000,"wind_speed":15.5,"wind_deg":234,"wind_gust":22.86,"weather":[{"id":804,"main":"Clouds","description":"overcast
        clouds","icon":"04d"}],"pop":0},{"dt":1619481600,"temp":73.76,"feels_like":71.26,"pressure":993,"humidity":9,"dew_point":12.02,"uvi":0.78,"clouds":100,"visibility":10000,"wind_speed":14.09,"wind_deg":241,"wind_gust":20.4,"weather":[{"id":804,"main":"Clouds","description":"overcast
        clouds","icon":"04d"}],"pop":0},{"dt":1619485200,"temp":70.9,"feels_like":68.25,"pressure":994,"humidity":12,"dew_point":15.53,"uvi":0.14,"clouds":100,"visibility":10000,"wind_speed":13.22,"wind_deg":243,"wind_gust":17.96,"weather":[{"id":804,"main":"Clouds","description":"overcast
        clouds","icon":"04d"}],"pop":0},{"dt":1619488800,"temp":67.64,"feels_like":64.76,"pressure":996,"humidity":14,"dew_point":16.77,"uvi":0,"clouds":100,"visibility":10000,"wind_speed":12.46,"wind_deg":233,"wind_gust":21.39,"weather":[{"id":804,"main":"Clouds","description":"overcast
        clouds","icon":"04n"}],"pop":0},{"dt":1619492400,"temp":65.41,"feels_like":62.35,"pressure":997,"humidity":15,"dew_point":16.54,"uvi":0,"clouds":100,"visibility":10000,"wind_speed":11.36,"wind_deg":232,"wind_gust":22.03,"weather":[{"id":804,"main":"Clouds","description":"overcast
        clouds","icon":"04n"}],"pop":0},{"dt":1619496000,"temp":63.55,"feels_like":60.37,"pressure":998,"humidity":16,"dew_point":17.13,"uvi":0,"clouds":100,"visibility":10000,"wind_speed":11.86,"wind_deg":233,"wind_gust":20.96,"weather":[{"id":804,"main":"Clouds","description":"overcast
        clouds","icon":"04n"}],"pop":0},{"dt":1619499600,"temp":61.47,"feels_like":58.21,"pressure":999,"humidity":19,"dew_point":19.15,"uvi":0,"clouds":100,"visibility":10000,"wind_speed":9.1,"wind_deg":223,"wind_gust":19.53,"weather":[{"id":804,"main":"Clouds","description":"overcast
        clouds","icon":"04n"}],"pop":0},{"dt":1619503200,"temp":60.42,"feels_like":57.11,"pressure":999,"humidity":20,"dew_point":19.02,"uvi":0,"clouds":100,"visibility":10000,"wind_speed":5.14,"wind_deg":202,"wind_gust":12.93,"weather":[{"id":804,"main":"Clouds","description":"overcast
        clouds","icon":"04n"}],"pop":0},{"dt":1619506800,"temp":59.36,"feels_like":55.94,"pressure":999,"humidity":20,"dew_point":18.18,"uvi":0,"clouds":100,"visibility":10000,"wind_speed":4.09,"wind_deg":203,"wind_gust":9.84,"weather":[{"id":804,"main":"Clouds","description":"overcast
        clouds","icon":"04n"}],"pop":0},{"dt":1619510400,"temp":57.69,"feels_like":54.14,"pressure":999,"humidity":21,"dew_point":18.54,"uvi":0,"clouds":100,"visibility":10000,"wind_speed":5.3,"wind_deg":178,"wind_gust":8.61,"weather":[{"id":804,"main":"Clouds","description":"overcast
        clouds","icon":"04n"}],"pop":0},{"dt":1619514000,"temp":55.89,"feels_like":52.25,"pressure":1000,"humidity":23,"dew_point":19.06,"uvi":0,"clouds":100,"visibility":10000,"wind_speed":6.02,"wind_deg":173,"wind_gust":11.95,"weather":[{"id":804,"main":"Clouds","description":"overcast
        clouds","icon":"04n"}],"pop":0},{"dt":1619517600,"temp":54.72,"feels_like":50.97,"pressure":1001,"humidity":23,"dew_point":18.09,"uvi":0,"clouds":100,"visibility":10000,"wind_speed":6.4,"wind_deg":180,"wind_gust":12.82,"weather":[{"id":804,"main":"Clouds","description":"overcast
        clouds","icon":"04n"}],"pop":0},{"dt":1619521200,"temp":53.98,"feels_like":50.05,"pressure":1001,"humidity":21,"dew_point":15.46,"uvi":0,"clouds":100,"visibility":10000,"wind_speed":6.55,"wind_deg":189,"wind_gust":13.4,"weather":[{"id":804,"main":"Clouds","description":"overcast
        clouds","icon":"04n"}],"pop":0},{"dt":1619524800,"temp":53.13,"feels_like":49.23,"pressure":1002,"humidity":23,"dew_point":16.27,"uvi":0,"clouds":100,"visibility":10000,"wind_speed":5.06,"wind_deg":207,"wind_gust":10.83,"weather":[{"id":804,"main":"Clouds","description":"overcast
        clouds","icon":"04n"}],"pop":0},{"dt":1619528400,"temp":52.79,"feels_like":48.94,"pressure":1002,"humidity":25,"dew_point":18.37,"uvi":0.2,"clouds":100,"visibility":10000,"wind_speed":3.85,"wind_deg":241,"wind_gust":8.43,"weather":[{"id":804,"main":"Clouds","description":"overcast
        clouds","icon":"04d"}],"pop":0},{"dt":1619532000,"temp":54.57,"feels_like":50.95,"pressure":1003,"humidity":26,"dew_point":20.57,"uvi":0.8,"clouds":100,"visibility":10000,"wind_speed":4.27,"wind_deg":288,"wind_gust":6.44,"weather":[{"id":804,"main":"Clouds","description":"overcast
        clouds","icon":"04d"}],"pop":0},{"dt":1619535600,"temp":56.82,"feels_like":53.38,"pressure":1003,"humidity":25,"dew_point":21.85,"uvi":2.01,"clouds":100,"visibility":10000,"wind_speed":4.47,"wind_deg":312,"wind_gust":6.02,"weather":[{"id":804,"main":"Clouds","description":"overcast
        clouds","icon":"04d"}],"pop":0},{"dt":1619539200,"temp":59,"feels_like":55.72,"pressure":1002,"humidity":24,"dew_point":22.14,"uvi":3.56,"clouds":100,"visibility":10000,"wind_speed":5.59,"wind_deg":337,"wind_gust":5.68,"weather":[{"id":804,"main":"Clouds","description":"overcast
        clouds","icon":"04d"}],"pop":0.04},{"dt":1619542800,"temp":61.27,"feels_like":58.14,"pressure":1001,"humidity":22,"dew_point":22.48,"uvi":5.28,"clouds":100,"visibility":10000,"wind_speed":7.92,"wind_deg":349,"wind_gust":9.01,"weather":[{"id":804,"main":"Clouds","description":"overcast
        clouds","icon":"04d"}],"pop":0.07},{"dt":1619546400,"temp":61.84,"feels_like":58.77,"pressure":1000,"humidity":22,"dew_point":23.49,"uvi":6.59,"clouds":100,"visibility":10000,"wind_speed":9.24,"wind_deg":351,"wind_gust":10.89,"weather":[{"id":804,"main":"Clouds","description":"overcast
        clouds","icon":"04d"}],"pop":0.19},{"dt":1619550000,"temp":62.02,"feels_like":59,"pressure":1000,"humidity":23,"dew_point":23.72,"uvi":7.05,"clouds":100,"visibility":10000,"wind_speed":5.3,"wind_deg":354,"wind_gust":4.68,"weather":[{"id":804,"main":"Clouds","description":"overcast
        clouds","icon":"04d"}],"pop":0.43},{"dt":1619553600,"temp":61.52,"feels_like":58.59,"pressure":1000,"humidity":26,"dew_point":26.2,"uvi":6.56,"clouds":100,"visibility":10000,"wind_speed":8.63,"wind_deg":76,"wind_gust":5.79,"weather":[{"id":804,"main":"Clouds","description":"overcast
        clouds","icon":"04d"}],"pop":0.55},{"dt":1619557200,"temp":59.25,"feels_like":56.39,"pressure":1000,"humidity":32,"dew_point":29.48,"uvi":5.25,"clouds":99,"visibility":10000,"wind_speed":5.08,"wind_deg":88,"wind_gust":5.55,"weather":[{"id":804,"main":"Clouds","description":"overcast
        clouds","icon":"04d"}],"pop":0.55},{"dt":1619560800,"temp":60.6,"feels_like":57.81,"pressure":999,"humidity":31,"dew_point":29.73,"uvi":3.17,"clouds":99,"visibility":10000,"wind_speed":4.21,"wind_deg":29,"wind_gust":5.86,"weather":[{"id":804,"main":"Clouds","description":"overcast
        clouds","icon":"04d"}],"pop":0.59},{"dt":1619564400,"temp":58.26,"feels_like":55.85,"pressure":1000,"humidity":44,"dew_point":36.18,"uvi":1.72,"clouds":98,"visibility":10000,"wind_speed":18.37,"wind_deg":355,"wind_gust":14.23,"weather":[{"id":500,"main":"Rain","description":"light
        rain","icon":"10d"}],"pop":0.71,"rain":{"1h":0.39}},{"dt":1619568000,"temp":49.21,"feels_like":42.73,"pressure":1004,"humidity":75,"dew_point":41.41,"uvi":0.7,"clouds":96,"visibility":10000,"wind_speed":19.1,"wind_deg":350,"wind_gust":24.72,"weather":[{"id":500,"main":"Rain","description":"light
        rain","icon":"10d"}],"pop":0.91,"rain":{"1h":0.97}},{"dt":1619571600,"temp":48.78,"feels_like":42.75,"pressure":1005,"humidity":77,"dew_point":41.83,"uvi":0.04,"clouds":100,"visibility":10000,"wind_speed":16.37,"wind_deg":344,"wind_gust":21.88,"weather":[{"id":500,"main":"Rain","description":"light
        rain","icon":"10d"}],"pop":0.96,"rain":{"1h":0.41}},{"dt":1619575200,"temp":47.23,"feels_like":41.22,"pressure":1007,"humidity":81,"dew_point":41.41,"uvi":0,"clouds":100,"visibility":8557,"wind_speed":14.5,"wind_deg":329,"wind_gust":19.75,"weather":[{"id":500,"main":"Rain","description":"light
        rain","icon":"10n"}],"pop":0.92,"rain":{"1h":0.94}},{"dt":1619578800,"temp":44.22,"feels_like":38.07,"pressure":1009,"humidity":86,"dew_point":40.1,"uvi":0,"clouds":100,"visibility":4842,"wind_speed":12.28,"wind_deg":322,"wind_gust":17.78,"weather":[{"id":501,"main":"Rain","description":"moderate
        rain","icon":"10n"}],"pop":0.96,"rain":{"1h":2.95}},{"dt":1619582400,"temp":42.94,"feels_like":37.24,"pressure":1010,"humidity":87,"dew_point":39.38,"uvi":0,"clouds":100,"visibility":4161,"wind_speed":10.16,"wind_deg":331,"wind_gust":17.87,"weather":[{"id":502,"main":"Rain","description":"heavy
        intensity rain","icon":"10n"}],"pop":1,"rain":{"1h":4.82}},{"dt":1619586000,"temp":40.3,"feels_like":33.76,"pressure":1012,"humidity":94,"dew_point":38.75,"uvi":0,"clouds":100,"visibility":115,"wind_speed":10.6,"wind_deg":349,"wind_gust":21.36,"weather":[{"id":502,"main":"Rain","description":"heavy
        intensity rain","icon":"10n"}],"pop":1,"rain":{"1h":6.09}},{"dt":1619589600,"temp":40.73,"feels_like":34.47,"pressure":1013,"humidity":94,"dew_point":38.91,"uvi":0,"clouds":100,"visibility":201,"wind_speed":10.2,"wind_deg":348,"wind_gust":19.46,"weather":[{"id":501,"main":"Rain","description":"moderate
        rain","icon":"10n"}],"pop":1,"rain":{"1h":3.92}},{"dt":1619593200,"temp":41.68,"feels_like":35.69,"pressure":1012,"humidity":94,"dew_point":39.92,"uvi":0,"clouds":100,"visibility":594,"wind_speed":10.11,"wind_deg":338,"wind_gust":17.74,"weather":[{"id":501,"main":"Rain","description":"moderate
        rain","icon":"10n"}],"pop":1,"rain":{"1h":2.18}},{"dt":1619596800,"temp":41.09,"feels_like":33.96,"pressure":1013,"humidity":94,"dew_point":39.34,"uvi":0,"clouds":100,"visibility":254,"wind_speed":12.71,"wind_deg":348,"wind_gust":19.51,"weather":[{"id":501,"main":"Rain","description":"moderate
        rain","icon":"10n"}],"pop":1,"rain":{"1h":1.3}},{"dt":1619600400,"temp":41.13,"feels_like":34.79,"pressure":1013,"humidity":94,"dew_point":39.42,"uvi":0,"clouds":100,"visibility":1673,"wind_speed":10.63,"wind_deg":344,"wind_gust":19.13,"weather":[{"id":500,"main":"Rain","description":"light
        rain","icon":"10n"}],"pop":1,"rain":{"1h":0.74}},{"dt":1619604000,"temp":42.03,"feels_like":36.01,"pressure":1013,"humidity":93,"dew_point":39.92,"uvi":0,"clouds":100,"visibility":2281,"wind_speed":10.33,"wind_deg":342,"wind_gust":20.22,"weather":[{"id":500,"main":"Rain","description":"light
        rain","icon":"10n"}],"pop":0.96,"rain":{"1h":0.26}},{"dt":1619607600,"temp":42.58,"feels_like":37.08,"pressure":1013,"humidity":87,"dew_point":38.91,"uvi":0,"clouds":100,"visibility":2752,"wind_speed":9.44,"wind_deg":348,"wind_gust":18.3,"weather":[{"id":500,"main":"Rain","description":"light
        rain","icon":"10n"}],"pop":0.96,"rain":{"1h":0.19}}],"daily":[{"dt":1619460000,"sunrise":1619438778,"sunset":1619488125,"moonrise":1619487240,"moonset":1619438580,"moon_phase":0.5,"temp":{"day":73.42,"min":50.81,"max":76.89,"night":61.47,"eve":73.76,"morn":51.13},"feels_like":{"day":70.74,"night":47.08,"eve":71.26,"morn":47.08},"pressure":995,"humidity":6,"dew_point":3.04,"wind_speed":15.75,"wind_deg":228,"wind_gust":19.53,"weather":[{"id":803,"main":"Clouds","description":"broken
        clouds","icon":"04d"}],"clouds":56,"pop":0,"uvi":7.82},{"dt":1619546400,"sunrise":1619525100,"sunset":1619574586,"moonrise":1619578320,"moonset":1619526900,"moon_phase":0.52,"temp":{"day":61.84,"min":40.3,"max":62.02,"night":40.3,"eve":49.21,"morn":53.13},"feels_like":{"day":58.77,"night":49.23,"eve":42.73,"morn":49.23},"pressure":1000,"humidity":22,"dew_point":23.49,"wind_speed":19.1,"wind_deg":350,"wind_gust":21.36,"weather":[{"id":502,"main":"Rain","description":"heavy
        intensity rain","icon":"10d"}],"clouds":100,"pop":1,"rain":16.57,"uvi":7.05},{"dt":1619632800,"sunrise":1619611423,"sunset":1619661047,"moonrise":1619669460,"moonset":1619615580,"moon_phase":0.56,"temp":{"day":54.21,"min":40.73,"max":60.71,"night":51.58,"eve":59.49,"morn":42.89},"feels_like":{"day":51.21,"night":38.71,"eve":56.26,"morn":38.71},"pressure":1013,"humidity":40,"dew_point":30.58,"wind_speed":19.08,"wind_deg":11,"wind_gust":19.35,"weather":[{"id":501,"main":"Rain","description":"moderate
        rain","icon":"10d"}],"clouds":100,"pop":1,"rain":8.71,"uvi":7.72},{"dt":1619719200,"sunrise":1619697747,"sunset":1619747508,"moonrise":1619760420,"moonset":1619704620,"moon_phase":0.6,"temp":{"day":59.09,"min":45.72,"max":65.41,"night":61.92,"eve":65.41,"morn":45.72},"feels_like":{"day":56.16,"night":45.72,"eve":62.96,"morn":45.72},"pressure":1021,"humidity":31,"dew_point":28.6,"wind_speed":8.08,"wind_deg":338,"wind_gust":8.3,"weather":[{"id":802,"main":"Clouds","description":"scattered
        clouds","icon":"03d"}],"clouds":34,"pop":0.04,"uvi":9.1},{"dt":1619805600,"sunrise":1619784072,"sunset":1619833969,"moonrise":0,"moonset":1619794080,"moon_phase":0.64,"temp":{"day":71.78,"min":51.26,"max":78.39,"night":68.83,"eve":76.41,"morn":51.26},"feels_like":{"day":69.69,"night":48.43,"eve":74.64,"morn":48.43},"pressure":1016,"humidity":22,"dew_point":31.89,"wind_speed":9.78,"wind_deg":298,"wind_gust":16.91,"weather":[{"id":800,"main":"Clear","description":"clear
        sky","icon":"01d"}],"clouds":2,"pop":0,"uvi":10},{"dt":1619892000,"sunrise":1619870399,"sunset":1619920429,"moonrise":1619850900,"moonset":1619884140,"moon_phase":0.68,"temp":{"day":78.66,"min":57.9,"max":83.88,"night":73.42,"eve":81.41,"morn":57.9},"feels_like":{"day":76.98,"night":55.22,"eve":79.2,"morn":55.22},"pressure":1007,"humidity":16,"dew_point":29.1,"wind_speed":12.88,"wind_deg":279,"wind_gust":19.55,"weather":[{"id":804,"main":"Clouds","description":"overcast
        clouds","icon":"04d"}],"clouds":99,"pop":0,"uvi":10},{"dt":1619978400,"sunrise":1619956726,"sunset":1620006890,"moonrise":1619940780,"moonset":1619974440,"moon_phase":0.71,"temp":{"day":79.3,"min":58.69,"max":83.98,"night":67.93,"eve":79.38,"morn":58.69},"feels_like":{"day":79.3,"night":55.53,"eve":79.38,"morn":55.53},"pressure":999,"humidity":9,"dew_point":16.05,"wind_speed":13.47,"wind_deg":74,"wind_gust":24.2,"weather":[{"id":800,"main":"Clear","description":"clear
        sky","icon":"01d"}],"clouds":0,"pop":0.2,"uvi":10},{"dt":1620064800,"sunrise":1620043055,"sunset":1620093351,"moonrise":1620029940,"moonset":1620064860,"moon_phase":0.75,"temp":{"day":63.21,"min":49.24,"max":63.21,"night":49.24,"eve":52.57,"morn":53.46},"feels_like":{"day":61.25,"night":51.37,"eve":50.45,"morn":51.37},"pressure":1001,"humidity":43,"dew_point":40.06,"wind_speed":16.22,"wind_deg":22,"wind_gust":23.53,"weather":[{"id":500,"main":"Rain","description":"light
        rain","icon":"10d"}],"clouds":82,"pop":1,"rain":4.11,"uvi":10}]}'
  recorded_at: Mon, 26 Apr 2021 12:57:15 GMT
recorded_with: VCR 6.0.0
